// Jest Snapshot v1, https://goo.gl/fbAQLP

exports[`matches snapshot 1`] = `
<DocumentFragment>
  <div>
    <h2>
      Todo List
    </h2>
    <form>
      <label
        for="todo"
      >
        Todo
      </label>
      <input
        id="todo"
        name="todo"
        placeholder="Todo"
        type="text"
        value=""
      />
      <button>
        Add Todo
      </button>
    </form>
    <div>
      <ul>
        <li>
          <button>
            X
          </button>
        </li>
      </ul>
    </div>
  </div>
</DocumentFragment>
`;
